 windows32

 Timestamp is 583510ec (Tue Nov 22 22:45:48 2016)

 Preferred load address is 00400000

 Start         Length     Name                   Class
 0001:00000000 00010000H .textbss                DATA
 0002:00000000 00005282H .text$mn                CODE
 0003:00000000 00000104H .CRT$XCA                DATA
 0003:00000104 00000104H .CRT$XCAA               DATA
 0003:00000208 00000104H .CRT$XCZ                DATA
 0003:0000030c 00000104H .CRT$XIA                DATA
 0003:00000410 00000104H .CRT$XIAA               DATA
 0003:00000514 00000104H .CRT$XIAC               DATA
 0003:00000618 00000104H .CRT$XIZ                DATA
 0003:0000071c 00000104H .CRT$XPA                DATA
 0003:00000820 00000104H .CRT$XPZ                DATA
 0003:00000924 00000104H .CRT$XTA                DATA
 0003:00000a28 00000108H .CRT$XTZ                DATA
 0003:00000b30 00000bbcH .rdata                  DATA
 0003:000016ec 00000184H .rdata$zzzdbg           DATA
 0003:00001870 00000104H .rtc$IAA                DATA
 0003:00001974 00000104H .rtc$IMZ                DATA
 0003:00001a78 00000104H .rtc$IZZ                DATA
 0003:00001b7c 00000104H .rtc$TAA                DATA
 0003:00001c80 00000104H .rtc$TMZ                DATA
 0003:00001d84 00000104H .rtc$TZZ                DATA
 0003:00001e88 0000018dH .xdata$x                DATA
 0003:00002015 00000000H .edata                  DATA
 0004:00000000 00000290H .data                   DATA
 0004:00000290 000006c0H .bss                    DATA
 0005:00000000 000001f0H .idata$5                DATA
 0005:000001f0 00000050H .idata$2                DATA
 0005:00000240 00000014H .idata$3                DATA
 0005:00000254 000001f0H .idata$4                DATA
 0005:00000444 000006ffH .idata$6                DATA
 0006:00000000 0000013aH .gfids$y                DATA
 0007:00000000 00000104H .00cfg                  DATA
 0008:00000000 000001c0H .rsrc$01                DATA
 0008:000001c0 00000396H .rsrc$02                DATA

  Address         Publics by Value              Rva+Base       Lib:Object

 0000:00000000       ___guard_fids_count        00000000     <absolute>
 0000:00000000       ___guard_longjmp_count     00000000     <absolute>
 0000:00000000       ___guard_iat_table         00000000     <absolute>
 0000:00000000       ___guard_iat_count         00000000     <absolute>
 0000:00000000       ___safe_se_handler_table   00000000     <absolute>
 0000:00000000       ___guard_fids_table        00000000     <absolute>
 0000:00000000       ___guard_longjmp_table     00000000     <absolute>
 0000:00000000       ___safe_se_handler_count   00000000     <absolute>
 0000:00000000       ___dynamic_value_reloc_table 00000000     <absolute>
 0000:00000100       ___guard_flags             00000100     <absolute>
 0000:00000000       ___ImageBase               00400000     <linker-defined>
 0001:00000000       __enc$textbss$begin        00401000     <linker-defined>
 0001:00010000       __enc$textbss$end          00411000     <linker-defined>
 0002:00000710       _DlgProc@16                00411710 f   framework.obj
 0002:000008f0       _WinMain@16                004118f0 f   framework.obj
 0002:00000950       _getInput                  00411950 f   framework.obj
 0002:00000a20       _showOutput                00411a20 f   framework.obj
 0002:00000a80       _MainProc                  00411a80 f   arraySearch.obj
 0002:00000cb0       wtoaproc                   00411cb0 f   io.obj
 0002:00000d1d       dtoaproc                   00411d1d f   io.obj
 0002:00000d98       atowproc                   00411d98 f   io.obj
 0002:00000df4       atodproc                   00411df4 f   io.obj
 0002:00000eb6       _DialogBoxParamA@20        00411eb6 f   user32:USER32.dll
 0002:00000ebc       _EndDialog@8               00411ebc f   user32:USER32.dll
 0002:00000ec2       _GetDlgItem@8              00411ec2 f   user32:USER32.dll
 0002:00000ec8       _SetDlgItemTextA@12        00411ec8 f   user32:USER32.dll
 0002:00000ece       _GetDlgItemTextA@16        00411ece f   user32:USER32.dll
 0002:00000ed4       _GetWindowTextLengthA@4    00411ed4 f   user32:USER32.dll
 0002:00000eda       _MessageBoxA@16            00411eda f   user32:USER32.dll
 0002:00000ee0       ___raise_securityfailure   00411ee0 f   MSVCRTD:gs_report.obj
 0002:00000f20       ___report_gsfailure        00411f20 f   MSVCRTD:gs_report.obj
 0002:00001070       ___report_rangecheckfailure 00412070 f   MSVCRTD:gs_report.obj
 0002:00001080       ___report_securityfailure  00412080 f   MSVCRTD:gs_report.obj
 0002:00001190       ___report_securityfailureEx 00412190 f   MSVCRTD:gs_report.obj
 0002:00001300       @_RTC_AllocaHelper@12      00412300 f   MSVCRTD:_stack_.obj
 0002:00001340       @_RTC_CheckStackVars2@12   00412340 f   MSVCRTD:_stack_.obj
 0002:00001450       @_RTC_CheckStackVars@8     00412450 f   MSVCRTD:_stack_.obj
 0002:000014c0       __RTC_CheckEsp             004124c0 f   MSVCRTD:_stack_.obj
 0002:00001500       __CRT_RTC_INIT             00412500 f   MSVCRTD:_init_.obj
 0002:00001510       __CRT_RTC_INITW            00412510 f   MSVCRTD:_init_.obj
 0002:00001520       __RTC_InitBase             00412520 f   MSVCRTD:_init_.obj
 0002:00001560       __RTC_Shutdown             00412560 f   MSVCRTD:_init_.obj
 0002:00001950       ?configure_argv@__scrt_narrow_argv_policy@@SAHXZ 00412950 f i MSVCRTD:exe_winmain.obj
 0002:00001970       ?get_app_type@__scrt_winmain_policy@@SA?AW4_crt_app_type@@XZ 00412970 f i MSVCRTD:exe_winmain.obj
 0002:000019c0       _WinMainCRTStartup         004129c0 f   MSVCRTD:exe_winmain.obj
 0002:000019d0       ??$__vcrt_va_start_verify_argument_type@QBD@@YAXXZ 004129d0 f i MSVCRTD:_error_.obj
 0002:00001b80       ?_RTC_AllocaFailure@@YAXPAXPAU_RTC_ALLOCA_NODE@@H@Z 00412b80 f   MSVCRTD:_error_.obj
 0002:00001cf0       ?_RTC_Failure@@YAXPAXH@Z   00412cf0 f   MSVCRTD:_error_.obj
 0002:00001d60       ?_RTC_StackFailure@@YAXPAXPBD@Z 00412d60 f   MSVCRTD:_error_.obj
 0002:000021e0       __RTC_UninitUse            004131e0 f   MSVCRTD:_error_.obj
 0002:00002310       ___local_stdio_printf_options 00413310 f i MSVCRTD:_error_.obj
 0002:00002320       __vsprintf_s_l             00413320 f i MSVCRTD:_error_.obj
 0002:00002360       _sprintf_s                 00413360 f i MSVCRTD:_error_.obj
 0002:00002390       ?_RTC_GetErrorFunc@@YAP6AHHPBDH00ZZPBX@Z 00413390 f   MSVCRTD:_userapi_.obj
 0002:000023a0       ?_RTC_GetErrorFuncW@@YAP6AHHPB_WH00ZZPBX@Z 004133a0 f   MSVCRTD:_userapi_.obj
 0002:000023b0       __RTC_GetErrDesc           004133b0 f   MSVCRTD:_userapi_.obj
 0002:000023d0       __RTC_NumErrors            004133d0 f   MSVCRTD:_userapi_.obj
 0002:000023e0       __RTC_SetErrorFunc         004133e0 f   MSVCRTD:_userapi_.obj
 0002:00002410       __RTC_SetErrorFuncW        00413410 f   MSVCRTD:_userapi_.obj
 0002:00002440       __RTC_SetErrorType         00413440 f   MSVCRTD:_userapi_.obj
 0002:00002470       ??$__crt_fast_decode_pointer@PAP6AXXZ@@YAPAP6AXXZQAP6AXXZ@Z 00413470 f i MSVCRTD:utility.obj
 0002:000024a0       ??$__crt_fast_encode_pointer@PAP6AXXZ@@YAPAP6AXXZQAP6AXXZ@Z 004134a0 f i MSVCRTD:utility.obj
 0002:000024e0       ?__crt_rotate_pointer_value@@YAIIH@Z 004134e0 f i MSVCRTD:utility.obj
 0002:00002630       _NtCurrentTeb              00413630 f i MSVCRTD:utility.obj
 0002:00002640       ___scrt_acquire_startup_lock 00413640 f   MSVCRTD:utility.obj
 0002:000026a0       ___scrt_dllmain_after_initialize_c 004136a0 f   MSVCRTD:utility.obj
 0002:000026e0       ___scrt_dllmain_before_initialize_c 004136e0 f   MSVCRTD:utility.obj
 0002:00002710       ___scrt_dllmain_crt_thread_attach 00413710 f   MSVCRTD:utility.obj
 0002:00002750       ___scrt_dllmain_crt_thread_detach 00413750 f   MSVCRTD:utility.obj
 0002:00002770       ___scrt_dllmain_exception_filter 00413770 f   MSVCRTD:utility.obj
 0002:000027d0       ___scrt_dllmain_uninitialize_c 004137d0 f   MSVCRTD:utility.obj
 0002:00002810       ___scrt_dllmain_uninitialize_critical 00413810 f   MSVCRTD:utility.obj
 0002:00002830       ___scrt_initialize_crt     00413830 f   MSVCRTD:utility.obj
 0002:00002890       ___scrt_initialize_onexit_tables 00413890 f   MSVCRTD:utility.obj
 0002:00002990       ___scrt_is_nonwritable_in_current_image 00413990 f   MSVCRTD:utility.obj
 0002:00002b10       ___scrt_release_startup_lock 00413b10 f   MSVCRTD:utility.obj
 0002:00002b40       ___scrt_uninitialize_crt   00413b40 f   MSVCRTD:utility.obj
 0002:00002b90       __onexit                   00413b90 f   MSVCRTD:utility.obj
 0002:00002c20       _at_quick_exit             00413c20 f   MSVCRTD:utility.obj
 0002:00002c80       _atexit                    00413c80 f   MSVCRTD:utility.obj
 0002:00002cc0       ___security_init_cookie    00413cc0 f   MSVCRTD:gs_support.obj
 0002:00002de0       __matherr                  00413de0 f   MSVCRTD:matherr.obj
 0002:00002df0       __get_startup_argv_mode    00413df0 f   MSVCRTD:argv_mode.obj
 0002:00002e00       __get_startup_commit_mode  00413e00 f   MSVCRTD:commit_mode.obj
 0002:00002e10       __get_startup_file_mode    00413e10 f   MSVCRTD:file_mode.obj
 0002:00002e20       __get_startup_new_mode     00413e20 f   MSVCRTD:new_mode.obj
 0002:00002e30       __get_startup_thread_locale_mode 00413e30 f   MSVCRTD:thread_locale.obj
 0002:00002e40       ?__scrt_initialize_type_info@@YAXXZ 00413e40 f   MSVCRTD:tncleanup.obj
 0002:00002e60       ?__scrt_uninitialize_type_info@@YAXXZ 00413e60 f   MSVCRTD:tncleanup.obj
 0002:00002e80       __should_initialize_environment 00413e80 f   MSVCRTD:env_mode.obj
 0002:00002e90       __initialize_default_precision 00413e90 f   MSVCRTD:default_precision.obj
 0002:00002ec0       __initialize_invalid_parameter_handler 00413ec0 f   MSVCRTD:invalid_parameter_handler.obj
 0002:00002ed0       __initialize_denormal_control 00413ed0 f   MSVCRTD:denormal_control.obj
 0002:00002ee0       ___local_stdio_scanf_options 00413ee0 f i MSVCRTD:default_local_stdio_options.obj
 0002:00002ef0       ___scrt_initialize_default_local_stdio_options 00413ef0 f   MSVCRTD:default_local_stdio_options.obj
 0002:00002f40       ___scrt_is_user_matherr_present 00413f40 f   MSVCRTD:matherr_detection.obj
 0002:00002f70       ___scrt_get_dyn_tls_init_callback 00413f70 f   MSVCRTD:dyn_tls_init.obj
 0002:00002f80       ___scrt_get_dyn_tls_dtor_callback 00413f80 f   MSVCRTD:dyn_tls_dtor.obj
 0002:00002f90       ___scrt_fastfail           00413f90 f   MSVCRTD:utility_desktop.obj
 0002:00003120       ___scrt_get_show_window_mode 00414120 f   MSVCRTD:utility_desktop.obj
 0002:00003170       ___scrt_initialize_winrt   00414170 f   MSVCRTD:utility_desktop.obj
 0002:00003180       ___scrt_is_managed_app     00414180 f   MSVCRTD:utility_desktop.obj
 0002:00003230       ___scrt_set_unhandled_exception_filter 00414230 f   MSVCRTD:utility_desktop.obj
 0002:00003250       ___scrt_unhandled_exception_filter@4 00414250 f   MSVCRTD:utility_desktop.obj
 0002:000032d0       __crt_debugger_hook        004142d0 f   MSVCRTD:utility_desktop.obj
 0002:000032f0       __RTC_Initialize           004142f0 f   MSVCRTD:_initsect_.obj
 0002:00003330       __RTC_Terminate            00414330 f   MSVCRTD:_initsect_.obj
 0002:00003370       @_guard_check_icall@4      00414370 f i MSVCRTD:checkcfg.obj
 0002:00003390       __except_handler4          00414390 f   MSVCRTD:_chandler4gs_.obj
 0002:00003980       ?_RTC_GetSrcLine@@YAHPAEPA_WKPAH1K@Z 00414980 f   MSVCRTD:_pdblkup_.obj
 0002:00003db0       @__security_check_cookie@4 00414db0 f   MSVCRTD:_secchk_.obj
 0002:00003dd0       ___isa_available_init      00414dd0 f   MSVCRTD:_cpu_disp_.obj
 0002:00004160       ___scrt_is_ucrt_dll_in_use 00415160 f   MSVCRTD:ucrt_detection.obj
 0002:00004190       @_guard_check_icall_nop@4  00415190 f i MSVCRTD:guard_support.obj
 0002:000041a0       __guard_icall_checks_enforced 004151a0 f i MSVCRTD:guard_support.obj
 0002:000041d0       ___std_type_info_destroy_list 004151d0 f   vcruntimed:VCRUNTIME140D.dll
 0002:000041d6       _memset                    004151d6 f   vcruntimed:VCRUNTIME140D.dll
 0002:000041dc       __except_handler4_common   004151dc f   vcruntimed:VCRUNTIME140D.dll
 0002:000041e2       ___vcrt_GetModuleFileNameW 004151e2 f   vcruntimed:VCRUNTIME140D.dll
 0002:000041e8       ___vcrt_GetModuleHandleW   004151e8 f   vcruntimed:VCRUNTIME140D.dll
 0002:000041ee       ___vcrt_LoadLibraryExW     004151ee f   vcruntimed:VCRUNTIME140D.dll
 0002:000041f4       _strcpy                    004151f4 f   ucrtd:ucrtbased.dll
 0002:000041fa       __CrtDbgReport             004151fa f   ucrtd:ucrtbased.dll
 0002:00004200       __CrtDbgReportW            00415200 f   ucrtd:ucrtbased.dll
 0002:00004206       __seh_filter_exe           00415206 f   ucrtd:ucrtbased.dll
 0002:0000420c       __set_app_type             0041520c f   ucrtd:ucrtbased.dll
 0002:00004212       ___setusermatherr          00415212 f   ucrtd:ucrtbased.dll
 0002:00004218       __configure_narrow_argv    00415218 f   ucrtd:ucrtbased.dll
 0002:0000421e       __initialize_narrow_environment 0041521e f   ucrtd:ucrtbased.dll
 0002:00004224       __get_narrow_winmain_command_line 00415224 f   ucrtd:ucrtbased.dll
 0002:0000422a       __initterm                 0041522a f   ucrtd:ucrtbased.dll
 0002:00004230       __initterm_e               00415230 f   ucrtd:ucrtbased.dll
 0002:00004236       _exit                      00415236 f   ucrtd:ucrtbased.dll
 0002:0000423c       __exit                     0041523c f   ucrtd:ucrtbased.dll
 0002:00004242       __set_fmode                00415242 f   ucrtd:ucrtbased.dll
 0002:00004248       __cexit                    00415248 f   ucrtd:ucrtbased.dll
 0002:0000424e       __c_exit                   0041524e f   ucrtd:ucrtbased.dll
 0002:00004254       __register_thread_local_exe_atexit_callback 00415254 f   ucrtd:ucrtbased.dll
 0002:0000425a       __configthreadlocale       0041525a f   ucrtd:ucrtbased.dll
 0002:00004260       __set_new_mode             00415260 f   ucrtd:ucrtbased.dll
 0002:00004266       ___p__commode              00415266 f   ucrtd:ucrtbased.dll
 0002:0000426c       ___stdio_common_vsprintf_s 0041526c f   ucrtd:ucrtbased.dll
 0002:00004272       __seh_filter_dll           00415272 f   ucrtd:ucrtbased.dll
 0002:00004278       __initialize_onexit_table  00415278 f   ucrtd:ucrtbased.dll
 0002:0000427e       __register_onexit_function 0041527e f   ucrtd:ucrtbased.dll
 0002:00004284       __execute_onexit_table     00415284 f   ucrtd:ucrtbased.dll
 0002:0000428a       __crt_atexit               0041528a f   ucrtd:ucrtbased.dll
 0002:00004290       __crt_at_quick_exit        00415290 f   ucrtd:ucrtbased.dll
 0002:00004296       __controlfp_s              00415296 f   ucrtd:ucrtbased.dll
 0002:0000429c       _terminate                 0041529c f   ucrtd:ucrtbased.dll
 0002:000042a2       __wmakepath_s              004152a2 f   ucrtd:ucrtbased.dll
 0002:000042a8       __wsplitpath_s             004152a8 f   ucrtd:ucrtbased.dll
 0002:000042ae       _wcscpy_s                  004152ae f   ucrtd:ucrtbased.dll
 0002:000042b4       _UnhandledExceptionFilter@4 004152b4 f   kernel32:KERNEL32.dll
 0002:000042ba       _SetUnhandledExceptionFilter@4 004152ba f   kernel32:KERNEL32.dll
 0002:000042c0       _GetCurrentProcess@0       004152c0 f   kernel32:KERNEL32.dll
 0002:000042c6       _TerminateProcess@8        004152c6 f   kernel32:KERNEL32.dll
 0002:000042cc       _IsProcessorFeaturePresent@4 004152cc f   kernel32:KERNEL32.dll
 0002:000042d2       _IsDebuggerPresent@0       004152d2 f   kernel32:KERNEL32.dll
 0002:000042d8       _RaiseException@16         004152d8 f   kernel32:KERNEL32.dll
 0002:000042de       _MultiByteToWideChar@24    004152de f   kernel32:KERNEL32.dll
 0002:000042e4       _WideCharToMultiByte@32    004152e4 f   kernel32:KERNEL32.dll
 0002:000042ea       _QueryPerformanceCounter@4 004152ea f   kernel32:KERNEL32.dll
 0002:000042f0       _GetCurrentProcessId@0     004152f0 f   kernel32:KERNEL32.dll
 0002:000042f6       _GetCurrentThreadId@0      004152f6 f   kernel32:KERNEL32.dll
 0002:000042fc       _GetSystemTimeAsFileTime@4 004152fc f   kernel32:KERNEL32.dll
 0002:00004302       _InitializeSListHead@4     00415302 f   kernel32:KERNEL32.dll
 0002:00004308       _GetStartupInfoW@4         00415308 f   kernel32:KERNEL32.dll
 0002:0000430e       _GetModuleHandleW@4        0041530e f   kernel32:KERNEL32.dll
 0002:00004314       _GetLastError@0            00415314 f   kernel32:KERNEL32.dll
 0002:0000431a       _HeapAlloc@12              0041531a f   kernel32:KERNEL32.dll
 0002:00004320       _HeapFree@12               00415320 f   kernel32:KERNEL32.dll
 0002:00004326       _GetProcessHeap@0          00415326 f   kernel32:KERNEL32.dll
 0002:0000432c       _VirtualQuery@12           0041532c f   kernel32:KERNEL32.dll
 0002:00004332       _FreeLibrary@4             00415332 f   kernel32:KERNEL32.dll
 0002:00004338       _GetProcAddress@8          00415338 f   kernel32:KERNEL32.dll
 0002:00004340       ___acrt_initialize         00415340 f   MSVCRTD:ucrt_stubs.obj
 0002:00004340       ___scrt_stub_for_acrt_initialize 00415340 f   MSVCRTD:ucrt_stubs.obj
 0002:00004340       ___vcrt_initialize         00415340 f   MSVCRTD:ucrt_stubs.obj
 0002:00004350       ___acrt_thread_attach      00415350 f   MSVCRTD:ucrt_stubs.obj
 0002:00004350       ___scrt_stub_for_acrt_thread_attach 00415350 f   MSVCRTD:ucrt_stubs.obj
 0002:00004350       ___vcrt_thread_attach      00415350 f   MSVCRTD:ucrt_stubs.obj
 0002:00004360       ___vcrt_thread_detach      00415360 f   MSVCRTD:ucrt_stubs.obj
 0002:00004360       ___acrt_thread_detach      00415360 f   MSVCRTD:ucrt_stubs.obj
 0002:00004360       ___scrt_stub_for_acrt_thread_detach 00415360 f   MSVCRTD:ucrt_stubs.obj
 0002:00004370       ___vcrt_uninitialize       00415370 f   MSVCRTD:ucrt_stubs.obj
 0002:00004370       ___scrt_stub_for_acrt_uninitialize 00415370 f   MSVCRTD:ucrt_stubs.obj
 0002:00004370       ___acrt_uninitialize       00415370 f   MSVCRTD:ucrt_stubs.obj
 0002:00004380       ___vcrt_uninitialize_critical 00415380 f   MSVCRTD:ucrt_stubs.obj
 0002:00004380       ___acrt_uninitialize_critical 00415380 f   MSVCRTD:ucrt_stubs.obj
 0002:00004380       ___scrt_stub_for_acrt_uninitialize_critical 00415380 f   MSVCRTD:ucrt_stubs.obj
 0002:00004390       __is_c_termination_complete 00415390 f   MSVCRTD:ucrt_stubs.obj
 0002:00004390       ___scrt_stub_for_is_c_termination_complete 00415390 f   MSVCRTD:ucrt_stubs.obj
 0003:00000000       ___xc_a                    00417000     MSVCRTD:initializers.obj
 0003:00000208       ___xc_z                    00417208     MSVCRTD:initializers.obj
 0003:0000030c       ___xi_a                    0041730c     MSVCRTD:initializers.obj
 0003:00000618       ___xi_z                    00417618     MSVCRTD:initializers.obj
 0003:0000071c       ___xp_a                    0041771c     MSVCRTD:initializers.obj
 0003:00000820       ___xp_z                    00417820     MSVCRTD:initializers.obj
 0003:00000924       ___xt_a                    00417924     MSVCRTD:initializers.obj
 0003:00000a28       ___xt_z                    00417a28     MSVCRTD:initializers.obj
 0003:00000b30       ??_C@_00CNPNBAHC@?$AA@     00417b30     framework.obj
 0003:00000b34       ??_C@_07KGMMFLDN@Warning?$AA@ 00417b34     framework.obj
 0003:00000b40       ??_C@_0BA@KGPGJABH@Nothing?5entered?$AA@ 00417b40     framework.obj
 0003:00000c20       ??_C@_0NN@NGPKDKPD@The?5value?5of?5ESP?5was?5not?5properl@ 00417c20     MSVCRTD:_error_.obj
 0003:00000d30       ??_C@_0BBN@GPMLNJCF@A?5cast?5to?5a?5smaller?5data?5type?5ha@ 00417d30     MSVCRTD:_error_.obj
 0003:00000e88       ??_C@_0BN@FFOINMNJ@Stack?5memory?5was?5corrupted?6?$AN?$AA@ 00417e88     MSVCRTD:_error_.obj
 0003:00000eac       ??_C@_0DG@HKJMLLLP@A?5local?5variable?5was?5used?5before@ 00417eac     MSVCRTD:_error_.obj
 0003:00000eec       ??_C@_0CM@NGINOKPC@Stack?5memory?5around?5_alloca?5was?5@ 00417eec     MSVCRTD:_error_.obj
 0003:00000f20       ??_C@_0BO@GNIAFIKK@Unknown?5Runtime?5Check?5Error?6?$AN?$AA@ 00417f20     MSVCRTD:_error_.obj
 0003:00000f48       ??_C@_1GM@OLMCBDMB@?$AAR?$AAu?$AAn?$AAt?$AAi?$AAm?$AAe?$AA?5?$AAC?$AAh?$AAe?$AAc?$AAk?$AA?5?$AAE?$AAr?$AAr?$AAo?$AAr?$AA?4?$AA?6?$AA?$AN?$AA?5?$AAU?$AAn?$AAa?$AAb?$AAl?$AAe?$AA?5?$AAt?$AAo@ 00417f48     MSVCRTD:_error_.obj
 0003:00000fd0       ??_C@_1EA@NFKNIFJP@?$AAR?$AAu?$AAn?$AA?9?$AAT?$AAi?$AAm?$AAe?$AA?5?$AAC?$AAh?$AAe?$AAc?$AAk?$AA?5?$AAF?$AAa?$AAi?$AAl?$AAu?$AAr?$AAe?$AA?5?$AA?$CD?$AA?$CF?$AAd?$AA?5?$AA?9?$AA?5?$AA?$CF?$AAs?$AA?$AA@ 00417fd0     MSVCRTD:_error_.obj
 0003:0000101c       ??_C@_0BB@PFFGGCJP@Unknown?5Filename?$AA@ 0041801c     MSVCRTD:_error_.obj
 0003:00001030       ??_C@_0BE@GNBOBNCK@Unknown?5Module?5Name?$AA@ 00418030     MSVCRTD:_error_.obj
 0003:00001048       ??_C@_0CA@IODNCDPG@Run?9Time?5Check?5Failure?5?$CD?$CFd?5?9?5?$CFs?$AA@ 00418048     MSVCRTD:_error_.obj
 0003:00001070       ??_C@_0CG@IAFNJNEE@Stack?5corrupted?5near?5unknown?5var@ 00418070     MSVCRTD:_error_.obj
 0003:000010a0       ??_C@_05MKKEDADM@?$CF?42X?5?$AA@ 004180a0     MSVCRTD:_error_.obj
 0003:000010a8       ??_C@_0EJ@LJKNEOLN@Stack?5area?5around?5_alloca?5memory@ 004180a8     MSVCRTD:_error_.obj
 0003:00001100       ??_C@_08OMAHNMHJ@?6Data?3?5?$DM?$AA@ 00418100     MSVCRTD:_error_.obj
 0003:0000110c       ??_C@_0CK@DKGBICFE@?6Allocation?5number?5within?5this?5f@ 0041810c     MSVCRTD:_error_.obj
 0003:00001140       ??_C@_07DFDJCKFN@?6Size?3?5?$AA@ 00418140     MSVCRTD:_error_.obj
 0003:0000114c       ??_C@_0N@MHFFIMFG@?6Address?3?50x?$AA@ 0041814c     MSVCRTD:_error_.obj
 0003:00001160       ??_C@_0EI@CLEPFNGI@Stack?5area?5around?5_alloca?5memory@ 00418160     MSVCRTD:_error_.obj
 0003:000011b8       ??_C@_0BC@HHMKLAND@?$CFs?$CFs?$CFp?$CFs?$CFzd?$CFs?$CFd?$CFs?$AA@ 004181b8     MSVCRTD:_error_.obj
 0003:000011d0       ??_C@_01EEMJAFIK@?6?$AA@   004181d0     MSVCRTD:_error_.obj
 0003:000011d4       ??_C@_02LLMPMKNF@?$DO?5?$AA@ 004181d4     MSVCRTD:_error_.obj
 0003:000011d8       ??_C@_08KJEDNCKC@?$CFs?$CFs?$CFs?$CFs?$AA@ 004181d8     MSVCRTD:_error_.obj
 0003:000011e4       ??_C@_0DE@OHJBPMBP@A?5variable?5is?5being?5used?5without@ 004181e4     MSVCRTD:_error_.obj
 0003:0000123c       ??_C@_0BJ@HEGAHDFO@Stack?5pointer?5corruption?$AA@ 0041823c     MSVCRTD:_userapi_.obj
 0003:0000125c       ??_C@_0CK@FEGOIOPB@Cast?5to?5smaller?5type?5causing?5los@ 0041825c     MSVCRTD:_userapi_.obj
 0003:00001290       ??_C@_0BI@CIGMDCBH@Stack?5memory?5corruption?$AA@ 00418290     MSVCRTD:_userapi_.obj
 0003:000012ac       ??_C@_0CK@CNLNOEPB@Local?5variable?5used?5before?5initi@ 004182ac     MSVCRTD:_userapi_.obj
 0003:000012e0       ??_C@_0BP@OGBCLIBO@Stack?5around?5_alloca?5corrupted?$AA@ 004182e0     MSVCRTD:_userapi_.obj
 0003:00001360       ??_C@_1EI@MLPKHBGE@?$AAa?$AAp?$AAi?$AA?9?$AAm?$AAs?$AA?9?$AAw?$AAi?$AAn?$AA?9?$AAc?$AAo?$AAr?$AAe?$AA?9?$AAr?$AAe?$AAg?$AAi?$AAs?$AAt?$AAr?$AAy?$AA?9?$AAl?$AA1?$AA?9?$AA1?$AA?9?$AA0?$AA?4@ 00418360     MSVCRTD:_pdblkup_.obj
 0003:000013b8       ??_C@_1BK@JHLNAEJL@?$AAa?$AAd?$AAv?$AAa?$AAp?$AAi?$AA3?$AA2?$AA?4?$AAd?$AAl?$AAl?$AA?$AA@ 004183b8     MSVCRTD:_pdblkup_.obj
 0003:000013d8       ??_C@_0O@COHOBMLB@RegOpenKeyExW?$AA@ 004183d8     MSVCRTD:_pdblkup_.obj
 0003:000013e8       ??_C@_0BB@GLNAEDBD@RegQueryValueExW?$AA@ 004183e8     MSVCRTD:_pdblkup_.obj
 0003:000013fc       ??_C@_0M@HLOHPNFA@RegCloseKey?$AA@ 004183fc     MSVCRTD:_pdblkup_.obj
 0003:00001410       ??_C@_1HE@EBEAGLFB@?$AAS?$AAO?$AAF?$AAT?$AAW?$AAA?$AAR?$AAE?$AA?2?$AAW?$AAo?$AAw?$AA6?$AA4?$AA3?$AA2?$AAN?$AAo?$AAd?$AAe?$AA?2?$AAM?$AAi?$AAc?$AAr?$AAo?$AAs?$AAo?$AAf?$AAt?$AA?2?$AAV@ 00418410     MSVCRTD:_pdblkup_.obj
 0003:0000149c       ??_C@_1BG@EABPBLLF@?$AAP?$AAr?$AAo?$AAd?$AAu?$AAc?$AAt?$AAD?$AAi?$AAr?$AA?$AA@ 0041849c     MSVCRTD:_pdblkup_.obj
 0003:000014dc       ??_C@_1BC@JINFINNJ@?$AAM?$AAS?$AAP?$AAD?$AAB?$AA1?$AA4?$AA0?$AA?$AA@ 004184dc     MSVCRTD:_pdblkup_.obj
 0003:000014f4       ??_C@_0BB@KCIACLNC@PDBOpenValidate5?$AA@ 004184f4     MSVCRTD:_pdblkup_.obj
 0003:00001508       ??_C@_01KDCPPGHE@r?$AA@    00418508     MSVCRTD:_pdblkup_.obj
 0003:00001548       __load_config_used         00418548     MSVCRTD:loadcfg.obj
 0003:00001870       ___rtc_iaa                 00418870     MSVCRTD:_initsect_.obj
 0003:00001a78       ___rtc_izz                 00418a78     MSVCRTD:_initsect_.obj
 0003:00001b7c       ___rtc_taa                 00418b7c     MSVCRTD:_initsect_.obj
 0003:00001d84       ___rtc_tzz                 00418d84     MSVCRTD:_initsect_.obj
 0004:00000150       ___security_cookie_complement 0041a150     MSVCRTD:gs_cookie.obj
 0004:00000154       ___security_cookie         0041a154     MSVCRTD:gs_cookie.obj
 0004:0000015c       ?_RTC_ErrorLevels@@3PAHA   0041a15c     MSVCRTD:_error_.obj
 0004:00000174       ___scrt_native_dllmain_reason 0041a174     MSVCRTD:utility.obj
 0004:00000178       ___scrt_default_matherr    0041a178     MSVCRTD:matherr.obj
 0004:0000017c       ___isa_enabled             0041a17c     MSVCRTD:_cpu_disp_.obj
 0004:00000180       ___scrt_ucrt_dll_is_in_use 0041a180     MSVCRTD:ucrt_stubs.obj
 0004:000008b8       ?_OptionsStorage@?1??__local_stdio_printf_options@@9@4_KA 0041a8b8     MSVCRTD:_error_.obj
 0004:000008d0       ___scrt_current_native_startup_state 0041a8d0     MSVCRTD:utility.obj
 0004:000008d4       ___scrt_native_startup_lock 0041a8d4     MSVCRTD:utility.obj
 0004:000008f8       ?__type_info_root_node@@3U__type_info_node@@A 0041a8f8     MSVCRTD:tncleanup.obj
 0004:00000908       ?_OptionsStorage@?1??__local_stdio_scanf_options@@9@4_KA 0041a908     MSVCRTD:default_local_stdio_options.obj
 0004:00000914       ___scrt_debugger_hook_flag 0041a914     MSVCRTD:utility_desktop.obj
 0004:00000920       ___isa_available           0041a920     MSVCRTD:_cpu_disp_.obj
 0004:00000924       ___favor                   0041a924     MSVCRTD:_cpu_disp_.obj
 0004:0000092c       __hInstance                0041a92c     <common>
 0004:00000938       ___dyn_tls_dtor_callback   0041a938     <common>
 0004:00000944       ___dyn_tls_init_callback   0041a944     <common>
 0005:00000000       __imp__SetUnhandledExceptionFilter@4 0041b000     kernel32:KERNEL32.dll
 0005:00000004       __imp__GetCurrentProcess@0 0041b004     kernel32:KERNEL32.dll
 0005:00000008       __imp__TerminateProcess@8  0041b008     kernel32:KERNEL32.dll
 0005:0000000c       __imp__IsProcessorFeaturePresent@4 0041b00c     kernel32:KERNEL32.dll
 0005:00000010       __imp__IsDebuggerPresent@0 0041b010     kernel32:KERNEL32.dll
 0005:00000014       __imp__RaiseException@16   0041b014     kernel32:KERNEL32.dll
 0005:00000018       __imp__MultiByteToWideChar@24 0041b018     kernel32:KERNEL32.dll
 0005:0000001c       __imp__GetProcAddress@8    0041b01c     kernel32:KERNEL32.dll
 0005:00000020       __imp__FreeLibrary@4       0041b020     kernel32:KERNEL32.dll
 0005:00000024       __imp__VirtualQuery@12     0041b024     kernel32:KERNEL32.dll
 0005:00000028       __imp__GetProcessHeap@0    0041b028     kernel32:KERNEL32.dll
 0005:0000002c       __imp__HeapFree@12         0041b02c     kernel32:KERNEL32.dll
 0005:00000030       __imp__HeapAlloc@12        0041b030     kernel32:KERNEL32.dll
 0005:00000034       __imp__GetLastError@0      0041b034     kernel32:KERNEL32.dll
 0005:00000038       __imp__GetModuleHandleW@4  0041b038     kernel32:KERNEL32.dll
 0005:0000003c       __imp__GetStartupInfoW@4   0041b03c     kernel32:KERNEL32.dll
 0005:00000040       __imp__InitializeSListHead@4 0041b040     kernel32:KERNEL32.dll
 0005:00000044       __imp__GetSystemTimeAsFileTime@4 0041b044     kernel32:KERNEL32.dll
 0005:00000048       __imp__GetCurrentThreadId@0 0041b048     kernel32:KERNEL32.dll
 0005:0000004c       __imp__GetCurrentProcessId@0 0041b04c     kernel32:KERNEL32.dll
 0005:00000050       __imp__QueryPerformanceCounter@4 0041b050     kernel32:KERNEL32.dll
 0005:00000054       __imp__WideCharToMultiByte@32 0041b054     kernel32:KERNEL32.dll
 0005:00000058       __imp__UnhandledExceptionFilter@4 0041b058     kernel32:KERNEL32.dll
 0005:0000005c       \177KERNEL32_NULL_THUNK_DATA 0041b05c     kernel32:KERNEL32.dll
 0005:00000098       __imp__GetWindowTextLengthA@4 0041b098     user32:USER32.dll
 0005:0000009c       __imp__GetDlgItemTextA@16  0041b09c     user32:USER32.dll
 0005:000000a0       __imp__SetDlgItemTextA@12  0041b0a0     user32:USER32.dll
 0005:000000a4       __imp__GetDlgItem@8        0041b0a4     user32:USER32.dll
 0005:000000a8       __imp__EndDialog@8         0041b0a8     user32:USER32.dll
 0005:000000ac       __imp__MessageBoxA@16      0041b0ac     user32:USER32.dll
 0005:000000b0       __imp__DialogBoxParamA@20  0041b0b0     user32:USER32.dll
 0005:000000b4       \177USER32_NULL_THUNK_DATA 0041b0b4     user32:USER32.dll
 0005:000000e4       __imp____std_type_info_destroy_list 0041b0e4     vcruntimed:VCRUNTIME140D.dll
 0005:000000e8       __imp___except_handler4_common 0041b0e8     vcruntimed:VCRUNTIME140D.dll
 0005:000000ec       __imp____vcrt_GetModuleFileNameW 0041b0ec     vcruntimed:VCRUNTIME140D.dll
 0005:000000f0       __imp____vcrt_GetModuleHandleW 0041b0f0     vcruntimed:VCRUNTIME140D.dll
 0005:000000f4       __imp____vcrt_LoadLibraryExW 0041b0f4     vcruntimed:VCRUNTIME140D.dll
 0005:000000f8       __imp__memset              0041b0f8     vcruntimed:VCRUNTIME140D.dll
 0005:000000fc       \177VCRUNTIME140D_NULL_THUNK_DATA 0041b0fc     vcruntimed:VCRUNTIME140D.dll
 0005:0000012c       __imp___execute_onexit_table 0041b12c     ucrtd:ucrtbased.dll
 0005:00000130       __imp___crt_atexit         0041b130     ucrtd:ucrtbased.dll
 0005:00000134       __imp___crt_at_quick_exit  0041b134     ucrtd:ucrtbased.dll
 0005:00000138       __imp___controlfp_s        0041b138     ucrtd:ucrtbased.dll
 0005:0000013c       __imp__terminate           0041b13c     ucrtd:ucrtbased.dll
 0005:00000140       __imp___wmakepath_s        0041b140     ucrtd:ucrtbased.dll
 0005:00000144       __imp___wsplitpath_s       0041b144     ucrtd:ucrtbased.dll
 0005:00000148       __imp__wcscpy_s            0041b148     ucrtd:ucrtbased.dll
 0005:0000014c       __imp___c_exit             0041b14c     ucrtd:ucrtbased.dll
 0005:00000150       __imp___cexit              0041b150     ucrtd:ucrtbased.dll
 0005:00000154       __imp___set_fmode          0041b154     ucrtd:ucrtbased.dll
 0005:00000158       __imp___register_onexit_function 0041b158     ucrtd:ucrtbased.dll
 0005:0000015c       __imp__exit                0041b15c     ucrtd:ucrtbased.dll
 0005:00000160       __imp___initterm_e         0041b160     ucrtd:ucrtbased.dll
 0005:00000164       __imp___initterm           0041b164     ucrtd:ucrtbased.dll
 0005:00000168       __imp___get_narrow_winmain_command_line 0041b168     ucrtd:ucrtbased.dll
 0005:0000016c       __imp___initialize_narrow_environment 0041b16c     ucrtd:ucrtbased.dll
 0005:00000170       __imp___configure_narrow_argv 0041b170     ucrtd:ucrtbased.dll
 0005:00000174       __imp____setusermatherr    0041b174     ucrtd:ucrtbased.dll
 0005:00000178       __imp___set_app_type       0041b178     ucrtd:ucrtbased.dll
 0005:0000017c       __imp___seh_filter_exe     0041b17c     ucrtd:ucrtbased.dll
 0005:00000180       __imp___CrtDbgReportW      0041b180     ucrtd:ucrtbased.dll
 0005:00000184       __imp___CrtDbgReport       0041b184     ucrtd:ucrtbased.dll
 0005:00000188       __imp__strcpy              0041b188     ucrtd:ucrtbased.dll
 0005:0000018c       __imp___initialize_onexit_table 0041b18c     ucrtd:ucrtbased.dll
 0005:00000190       __imp___register_thread_local_exe_atexit_callback 0041b190     ucrtd:ucrtbased.dll
 0005:00000194       __imp____stdio_common_vsprintf_s 0041b194     ucrtd:ucrtbased.dll
 0005:00000198       __imp____p__commode        0041b198     ucrtd:ucrtbased.dll
 0005:0000019c       __imp___set_new_mode       0041b19c     ucrtd:ucrtbased.dll
 0005:000001a0       __imp___exit               0041b1a0     ucrtd:ucrtbased.dll
 0005:000001a4       __imp___configthreadlocale 0041b1a4     ucrtd:ucrtbased.dll
 0005:000001a8       __imp___seh_filter_dll     0041b1a8     ucrtd:ucrtbased.dll
 0005:000001ac       \177ucrtbased_NULL_THUNK_DATA 0041b1ac     ucrtd:ucrtbased.dll
 0005:000001f0       __IMPORT_DESCRIPTOR_USER32 0041b1f0     user32:USER32.dll
 0005:00000204       __IMPORT_DESCRIPTOR_VCRUNTIME140D 0041b204     vcruntimed:VCRUNTIME140D.dll
 0005:00000218       __IMPORT_DESCRIPTOR_ucrtbased 0041b218     ucrtd:ucrtbased.dll
 0005:0000022c       __IMPORT_DESCRIPTOR_KERNEL32 0041b22c     kernel32:KERNEL32.dll
 0005:00000240       __NULL_IMPORT_DESCRIPTOR   0041b240     user32:USER32.dll
 0007:00000000       ___guard_check_icall_fptr  0041d000     MSVCRTD:guard_support.obj
